<?xml version="1.0" encoding="UTF-8"?>
<testsuites name="jest tests" tests="3" failures="0" time="15.83">
  <testsuite name="Create a new list and add it to a board" errors="0" failures="0" skipped="0" timestamp="2019-11-19T15:27:49" time="2.597" tests="1">
    <testcase classname="Create a new list and add it to a board Add lists in a board" name="Create a new list and add it to a board Add lists in a board" time="1.224">
    </testcase>
  </testsuite>
  <testsuite name="Find a board recently created in Trello" errors="0" failures="0" skipped="0" timestamp="2019-11-19T15:27:49" time="2.775" tests="1">
    <testcase classname="Find a board recently created in Trello Create a new board by API" name="Find a board recently created in Trello Create a new board by API" time="1.511">
    </testcase>
  </testsuite>
  <testsuite name="Create a new board in Trello" errors="0" failures="0" skipped="0" timestamp="2019-11-19T15:27:49" time="12.195" tests="1">
    <testcase classname="Create a new board in Trello Create a new board and verify it" name="Create a new board in Trello Create a new board and verify it" time="9.097">
    </testcase>
  </testsuite>
</testsuites>